[www.newedil.eu/index.html]
[backblue.gif]
[fade.gif]
[index.html]
[www.newedil.eu/css/normalize.css]
[www.newedil.eu/css/components.css]
[www.newedil.eu/css/new-edil.css]
[ajax.googleapis.com/ajax/libs/webfont/1.6.26/webfont.js]
[use.typekit.net/aue2bqc.js]
[www.newedil.eu/images/favicon.png]
[www.newedil.eu/images/webclip.png]
[cdn.jsdelivr.net/npm/interactjs@latest/dist/interact.min.js]
[cdnjs.cloudflare.com/ajax/libs/gsap/1.20.2/utils/Draggable.min.js]
[cdnjs.cloudflare.com/ajax/libs/gsap/1.20.2/TweenMax.min.js]
[draggabilly.desandro.com/draggabilly.pkgd.js]
[mottie.github.io/Keyboard/css/keyboard-dark.css]
[www.google.com/recaptcha/apiccea.js]
[objectstorage.eu-frankfurt-1.oraclecloud.com/n/fronf8xprl08/b/tecma-assets-prod/o/js/tecma-utils.js]
[www.newedil.eu/index-2.html]
[www.newedil.eu/images/newedil-navbar-logo.svg]
[www.newedil.eu/chi-siamo.html]
[www.newedil.eu/progetti.html]
[www.newedil.eu/finiture.html]
[www.newedil.eu/sostenibilita.html]
[www.newedil.eu/certificazioni.html]
[www.newedil.eu/servizi.html]
[www.newedil.eu/wireframe/components-1.html]
[www.newedil.eu/wireframe/components-2.html]
[www.newedil.eu/wireframe/style-guide.html]
[www.newedil.eu/contatti.html]
[www.newedil.eu/images/newedil-hero-logo.svg]
[www.newedil.eu/_videos/NEWEDIL-poster-00001.jpg_]
[www.newedil.eu/videos/NEWEDIL-transcode.mp4]
[www.newedil.eu/videos/NEWEDIL-transcode.webm]
[www.newedil.eu/images/home-newedil_01.webp]
[www.newedil.eu/images/newedil-page-logo.svg]
[www.newedil.eu/images/home-newedil_02.webp]
[www.newedil.eu/images/BUILDINGS-THAT-INNOVATE.svg]
[www.newedil.eu/residenze/via-valle.html]
[www.newedil.eu/images/AC1872_VP01_Exterior_General_rev07_crop_1.webp]
[www.newedil.eu/residenze/via-tripoli.html]
[www.newedil.eu/images/AC1873_VP01_Exterior_Garden_rev00.webp]
[www.newedil.eu/images/home-card_03.jpg]
[www.newedil.eu/images/home-newedil_map.webp]
[www.newedil.eu/images/home-newedil-grid_01.webp]
[www.newedil.eu/images/home-newedil-grid_04.webp]
[www.newedil.eu/images/home-newedil-grid_03.webp]
[www.newedil.eu/images/home-newedil-grid_02.webp]
[www.newedil.eu/images/newedil-card-logo.svg]
[www.newedil.eu/images/icon-card_01.svg]
[www.newedil.eu/images/newedil-card-logo02.svg]
[www.newedil.eu/images/icon-card_02.svg]
[www.newedil.eu/images/icon-card_03.svg]
[www.newedil.eu/images/icon-card_04.svg]
[www.newedil.eu/images/home-newedil_03.webp]
[www.newedil.eu/images/newedil-footer-logo.svg]
[www.newedil.eu/servizi]
[www.newedil.eu/informativa-privacy-marketing.html]
[www.newedil.eu/informativa-privacy-cookie.html]
[www.newedil.eu/termini-e-condizioni-di-utilizzo.html]
[d3e54v103j8qbb.cloudfront.net/js/jquery-3.5.1.min.dc5e7f18c8fc4f.js]
[www.newedil.eu/js/new-edil.js]
[mottie.github.io/Keyboard/js/jquery.keyboard.js]
[mottie.github.io/Keyboard/js/jquery.mousewheel.js]
[mottie.github.io/Keyboard/js/jquery.keyboard.extension-extender.js]
[mottie.github.io/Keyboard/js/jquery.keyboard.extension-typing.js]
[www.tecmasolutions.com/clients/scripts/siti-1-0-0/js/siti.js]
[www.newedil.eu/index.html]
[www.newedil.eu/css/normalize.css]
[www.newedil.eu/css/components.css]
[www.newedil.eu/images/newedil-bk_white.svg]
[www.newedil.eu/images/comingsoon-hero_02.webp]
[www.newedil.eu/images/AC1872_VP01_Exterior_General_rev07_crop02.webp]
[www.newedil.eu/images/Form-Tick.svg]
[www.newedil.eu/images/newedil-bk.svg]
[www.newedil.eu/images/card-bk.webp]
[www.newedil.eu/images/chisiamo-card_01.jpg]
[www.newedil.eu/images/chisiamo-card_02.jpg]
[www.newedil.eu/images/chisiamo-card_03.jpg]
[www.newedil.eu/images/chisiamo-card_04.jpg]
[www.newedil.eu/images/sostenibilitaÌ-card_01.jpg]
[www.newedil.eu/images/sostenibilitaÌ-card_02.jpg]
[www.newedil.eu/images/sostenibilitaÌ-card_03.jpg]
[www.newedil.eu/images/gvv_pittogr-white_opacity20.svg]
[www.newedil.eu/images/angolo-green_pittogr_white-opacity20.svg]
[www.newedil.eu/images/logo-newedil-white.svg]
[www.newedil.eu/images/contact-hero.webp]
[www.newedil.eu/images/newedil-logo-video.svg]
[www.newedil.eu/images/poma_rombo_gold.svg]
[www.newedil.eu/images/AC1872_VP01_Exterior_General_rev07.webp]
[www.newedil.eu/images/arrow-slide-right.svg]
[www.newedil.eu/images/CarbonArrowLeft.svg]
[www.newedil.eu/images/CarbonArrowRight.svg]
[www.newedil.eu/images/AQ1093-ITA-Milano-Michelangelo_VPInt_01_rev00.webp]
[www.newedil.eu/images/tecmasolutions_close_up_light_coffee_table_with_books.webp]
[www.newedil.eu/images/gvv_pittogr_white.svg]
[www.newedil.eu/images/gvv_pittogr-color_opacity20.svg]
[www.newedil.eu/images/gvv_pittogr_color.svg]
[www.newedil.eu/images/AQ1093-ITA-Milano-Michelangelo_VPInt_06_rev00.webp]
[www.newedil.eu/css/new-edil.css]
[www.googletagmanager.com/gtm5445.html]
[mottie.github.io/Keyboard/css/keyboard-dark.css]
[www.newedil.eu/index-2.html]
[www.newedil.eu/images/newedil-navbar-logo.svg]
[www.newedil.eu/images/chisiamo-newedil_hero.webp]
[www.newedil.eu/images/icon-vision.svg]
[www.newedil.eu/images/icon-mission.svg]
[www.newedil.eu/images/team.jpg]
[www.newedil.eu/images/values-icon_01.svg]
[www.newedil.eu/images/values-icon_02.svg]
[www.newedil.eu/images/values-icon_03.svg]
[www.newedil.eu/images/values-icon_04.svg]
[www.newedil.eu/chi-siamo.html]
[www.newedil.eu/progetti.html]
[www.newedil.eu/images/icon-logo-contact.svg]
[cdn.jsdelivr.net/npm/@splidejs/splide@3.2.2/dist/css/splide-core.min.css]
[www.newedil.eu/images/newedil-finiture.webp]
[www.newedil.eu/images/newedil-hero-logo_white.svg]
[www.newedil.eu/images/ragno_incanto_055.webp]
[www.newedil.eu/images/img_ItalianaParquet.webp]
[www.newedil.eu/images/ItalianaParquet_logo.svg]
[www.newedil.eu/images/img_Effebi.webp]
[www.newedil.eu/images/EffebiParquet_logo.svg]
[www.newedil.eu/images/img_Ragno.webp]
[www.newedil.eu/images/Ragno_logo.svg]
[www.newedil.eu/images/img_Grohe.webp]
[www.newedil.eu/images/Grohe_logo.svg]
[www.newedil.eu/images/img_Cesana.webp]
[www.newedil.eu/images/Cesana_logo.svg]
[www.newedil.eu/images/img_Caleido.webp]
[www.newedil.eu/images/Caleido_logo.svg]
[www.newedil.eu/images/img_Albed.webp]
[www.newedil.eu/images/Albed_logo.svg]
[www.newedil.eu/images/img_Bticino.webp]
[www.newedil.eu/images/Bticino_logo_1.svg]
[www.newedil.eu/images/A-gigapixel-scale-3_00x.webp]
[www.newedil.eu/images/B-gigapixel-scale-3_00x.webp]
[www.newedil.eu/images/tecmasolutions_close_up_of_a_details_of_a_dish_of_fig_wooden.webp]
[www.newedil.eu/images/C-gigapixel-scale-3_00x.webp]
[www.newedil.eu/images/D.webp]
[www.newedil.eu/images/tecmasolutions_httpss.mj.runswndAbbA8Tg_super_close_up_of_a_m.webp]
[www.newedil.eu/images/capitoloato-silver_mockup.webp]
[www.newedil.eu/images/capitoloato-gold_mockup.webp]
[www.newedil.eu/images/capitoloato-platinum_mockup.webp]
[www.newedil.eu/documents/New-Edil_capitolato_contemporaneoclassico_silver_rev05_compressed.pdf]
[www.newedil.eu/documents/New-Edil_capitolato_contemporaneoclassico_goldplatinum_rev04_compressed.pdf]
[www.newedil.eu/images/07_Tablet-Pro-2020-Mockup-copia-3.webp]
[www.newedil.eu/finiture.html]
[cdn.jsdelivr.net/npm/@splidejs/splide@3.2.2/dist/js/splide.min.js]
[www.newedil.eu/images/sostenibilitaÌ-newedil-hero_02.webp]
[www.newedil.eu/_videos/3135792-hd_1920_1080_24fps-poster-00001.jpg_]
[www.newedil.eu/videos/3135792-hd_1920_1080_24fps-transcode.mp4]
[www.newedil.eu/videos/3135792-hd_1920_1080_24fps-transcode.webm]
[www.newedil.eu/images/eco-icon.svg]
[www.newedil.eu/images/eco-icon_02.svg]
[www.newedil.eu/images/eco-icon_03.svg]
[www.newedil.eu/images/sostenibilitaÌ-newedil_02.webp]
[www.newedil.eu/sostenibilita.html]
[www.newedil.eu/images/certificazioi-hero.webp]
[www.newedil.eu/images/certificazioni-mood_01.jpg]
[www.newedil.eu/images/certificazioni-mood_02.jpg]
[www.newedil.eu/images/certificazioni-mood_03.jpg]
[www.newedil.eu/images/iso-square-01.jpg]
[www.newedil.eu/images/iso-square-02.jpg]
[www.newedil.eu/images/iso-square-03.jpg]
[www.newedil.eu/images/iso-square-04.jpg]
[www.newedil.eu/images/iso-square-05.jpg]
[www.newedil.eu/images/iso-square-06.jpg]
[www.newedil.eu/images/tree.jpg]
[www.newedil.eu/certificazioni.html]
[www.newedil.eu/images/serivizi-hero.webp]
[www.newedil.eu/_videos/Il-mio-filmato-poster-00001.jpg_]
[www.newedil.eu/videos/Il-mio-filmato-transcode.mp4]
[www.newedil.eu/videos/Il-mio-filmato-transcode.webm]
[www.newedil.eu/images/icon-tab_01.svg]
[www.newedil.eu/images/logo-newedil-tab.svg]
[www.newedil.eu/images/image-servizi_01.jpg]
[www.newedil.eu/images/image-servizi_02.jpg]
[www.newedil.eu/images/image-servizi_03.jpg]
[www.newedil.eu/servizi.html]
[www.newedil.eu/wireframe/components-1.html]
[www.newedil.eu/wireframe/components-2.html]
[www.newedil.eu/wireframe/style-guide.html]
[www.newedil.eu/images/icon-step.svg]
[www.newedil.eu/images/image_contact-01.jpg]
[www.newedil.eu/images/image_contact-02.jpg]
[www.newedil.eu/images/image_contact-03.jpg]
[www.newedil.eu/images/logo-newedil-contact.svg]
[www.newedil.eu/images/contact-footer.webp]
[www.newedil.eu/contatti.html]
[www.newedil.eu/images/newedil-hero-logo.svg]
[www.newedil.eu/_videos/NEWEDIL-poster-00001.html]
[www.newedil.eu/images/newedil-page-logo.svg]
[www.newedil.eu/images/BUILDINGS-THAT-INNOVATE.svg]
[www.newedil.eu/images/gvv_logo_white.svg]
[www.newedil.eu/images/viavalle_closeup_04.webp]
[www.newedil.eu/images/viavalle_closeup_15.webp]
[www.newedil.eu/images/viavalle_closeup_06.webp]
[www.newedil.eu/images/viavalle_closeup_09-2.webp]
[www.newedil.eu/images/viavalle_closeup_11.webp]
[www.newedil.eu/images/viavalle_closeup_10.webp]
[www.newedil.eu/images/AC1872_VP01_Interior_Living_Rev00.webp]
[www.newedil.eu/images/logo_italiana-parquet.svg]
[www.newedil.eu/images/logo_ragno.svg]
[www.newedil.eu/images/logo_grohe.svg]
[www.newedil.eu/images/logo_cesana.svg]
[www.newedil.eu/images/logo_caleido.svg]
[www.newedil.eu/images/logo_albed.svg]
[www.newedil.eu/images/bticino_logo.svg]
[www.newedil.eu/images/lvg_mrz_atl_x_hny_x_14_90_fas_crop.webp]
[www.newedil.eu/images/lvg_mrz_app_x_lgy_x_60_60_fal_crop.webp]
[www.newedil.eu/images/PRT-MNG_LBD_NXTF_LCC_X_OPC_CRMS_210_SSTP_CAM01_crop.webp]
[www.newedil.eu/images/rbt_grh_duevie_esm_crm_crop.webp]
[www.newedil.eu/images/gvv_logo-logotipo_white.svg]
[www.newedil.eu/images/iStock-1219772205-copia.webp]
[www.newedil.eu/images/iStock-1339743849_crop-square.webp]
[www.newedil.eu/images/iStock-1328453724.webp]
[www.newedil.eu/residenze/via-valle.html]
[www.newedil.eu/images/angolo-green_logo_white.svg]
[www.newedil.eu/images/angolo-green_pittogr_color.svg]
[www.newedil.eu/images/AC1873_VP01_Exterior_Strada_rev00.webp]
[www.newedil.eu/images/arno-senoner-URkHqjhhBbg-unsplash.webp]
[www.newedil.eu/images/tecmasolutions_super_close_up_of_a_detail_of_a_light_.webp]
[www.newedil.eu/images/tecmasolutions_closeup_of_a_exterior_terrace_with_modern_essent.webp]
[www.newedil.eu/images/tecmasolutions_A_close-up_of_green_leaves_bush_and_peach_blosso.png]
[www.newedil.eu/images/tecmasolutions_close_up_coffee_table_with_books.webp]
[www.newedil.eu/images/tecmasolutions_A_close_up_shot_of_the_round_coffee_table_placed.png]
[www.newedil.eu/images/AC1873_VP01_Interior_Living_Rev00.webp]
[www.newedil.eu/images/angolo-green_logotipo_white.svg]
[www.newedil.eu/images/iStock-2183129177_crop2.webp]
[www.newedil.eu/images/iStock-2163029186_crop.webp]
[www.newedil.eu/images/tecmasolutions_super_closeup_of_a_sage_violet_bike.webp]
[www.newedil.eu/residenze/via-tripoli.html]
[www.newedil.eu/images/newedil-card-logo.svg]
[www.newedil.eu/images/icon-card_01.svg]
[www.newedil.eu/images/newedil-card-logo02.svg]
[www.newedil.eu/images/icon-card_02.svg]
[www.newedil.eu/images/icon-card_03.svg]
[www.newedil.eu/images/icon-card_04.svg]
[www.newedil.eu/images/newedil-footer-logo.svg]
[www.newedil.eu/servizi-2.html]
[www.newedil.eu/informativa-privacy-marketing.html]
[www.newedil.eu/informativa-privacy-cookie.html]
[www.newedil.eu/termini-e-condizioni-di-utilizzo.html]
[www.newedil.eu/images/newedil-bk_white.svg]
[www.newedil.eu/images/Form-Tick.svg]
[www.newedil.eu/images/newedil-bk.svg]
[www.newedil.eu/images/sostenibilitaÌ-card_01.html]
[www.newedil.eu/images/sostenibilitaÌ-card_02.html]
[www.newedil.eu/images/sostenibilitaÌ-card_03.html]
[www.newedil.eu/images/gvv_pittogr-white_opacity20.svg]
[www.newedil.eu/images/angolo-green_pittogr_white-opacity20.svg]
[www.newedil.eu/images/logo-newedil-white.svg]
[www.newedil.eu/images/newedil-logo-video.svg]
[www.newedil.eu/images/poma_rombo_gold.svg]
[www.newedil.eu/images/arrow-slide-right.svg]
[www.newedil.eu/images/CarbonArrowLeft.svg]
[www.newedil.eu/images/CarbonArrowRight.svg]
[www.newedil.eu/images/gvv_pittogr_white.svg]
[www.newedil.eu/images/gvv_pittogr-color_opacity20.svg]
[www.newedil.eu/images/gvv_pittogr_color.svg]
[www.newedil.eu/images/icon-vision.svg]
[www.newedil.eu/images/icon-mission.svg]
[www.newedil.eu/images/values-icon_01.svg]
[www.newedil.eu/images/values-icon_02.svg]
[www.newedil.eu/images/values-icon_03.svg]
[www.newedil.eu/images/values-icon_04.svg]
[www.newedil.eu/images/icon-logo-contact.svg]
[cdn.jsdelivr.net/npm/@splidejs/splide@3.2.2/dist/css/splide-core.min.css]
[www.newedil.eu/images/newedil-hero-logo_white.svg]
[www.newedil.eu/images/ItalianaParquet_logo.svg]
[www.newedil.eu/images/EffebiParquet_logo.svg]
[www.newedil.eu/images/Ragno_logo.svg]
[www.newedil.eu/images/Grohe_logo.svg]
[www.newedil.eu/images/Cesana_logo.svg]
[www.newedil.eu/images/Caleido_logo.svg]
[www.newedil.eu/images/Albed_logo.svg]
[www.newedil.eu/images/Bticino_logo_1.svg]
[www.newedil.eu/images/sostenibilitaÌ-newedil-hero_02.html]
[www.newedil.eu/_videos/3135792-hd_1920_1080_24fps-poster-00001.html]
[www.newedil.eu/images/eco-icon.svg]
[www.newedil.eu/images/eco-icon_02.svg]
[www.newedil.eu/images/eco-icon_03.svg]
[www.newedil.eu/images/sostenibilitaÌ-newedil_02.html]
[www.newedil.eu/_videos/Il-mio-filmato-poster-00001.html]
[www.newedil.eu/images/icon-tab_01.svg]
[www.newedil.eu/images/logo-newedil-tab.svg]
[www.newedil.eu/images/icon-step.svg]
[www.newedil.eu/images/logo-newedil-contact.svg]
[www.newedil.eu/images/gvv_logo_white.svg]
[www.newedil.eu/images/logo_italiana-parquet.svg]
[www.newedil.eu/images/logo_ragno.svg]
[www.newedil.eu/images/logo_grohe.svg]
[www.newedil.eu/images/logo_cesana.svg]
[www.newedil.eu/images/logo_caleido.svg]
[www.newedil.eu/images/logo_albed.svg]
[www.newedil.eu/images/bticino_logo.svg]
[www.newedil.eu/images/gvv_logo-logotipo_white.svg]
[www.newedil.eu/images/angolo-green_logo_white.svg]
[www.newedil.eu/images/angolo-green_pittogr_color.svg]
[www.newedil.eu/images/angolo-green_logotipo_white.svg]
[consent.cookiebot.com/974d0e24-a341-4979-96f2-8c99f4663ffc/cd.js]
